2026-09-21T00:31:22.014343Z  INFO multiplayer_server: coopNativeRelay=true coopAuthority="native-relay-v1" event="coop_authority_config"
2026-09-21T00:31:22.015810Z  INFO multiplayer_server: bind=127.0.0.1:49255 event="listen_tls" hint="Clients connect with wss://<host>:49255/ws"
Multiplayer server (TLS) listening on https://127.0.0.1:49255
Share wss://<host>:49255/ws
(LAN friends can still use a non-TLS process without --tls-*)
2026-09-21T00:31:45.019009Z  INFO multiplayer_server: roomId=CS8H event="room_create"
2026-09-21T00:31:45.019944Z  INFO multiplayer_server::room: roomId=CS8H clientId=1831800c-1517-4f99-93b5-4fa74fbb1a07 event="admin_assign"
2026-09-21T00:31:45.020043Z  INFO multiplayer_server::room: roomId=CS8H clientId=1831800c-1517-4f99-93b5-4fa74fbb1a07 event="join"
2026-09-21T00:31:45.714613Z  INFO multiplayer_server::room: roomId=CS8H clientId=8faf8121-bb54-44ae-9a1e-7f36bc719741 event="join"
2026-09-21T00:31:46.429508Z  INFO multiplayer_server::room: roomId=CS8H mode="coop" event="mode_change"
2026-09-21T00:31:46.487466Z  INFO multiplayer_server::room: roomId=CS8H clientId=1831800c-1517-4f99-93b5-4fa74fbb1a07 event="settings_sync"
2026-09-21T00:31:46.844786Z  INFO multiplayer_server::room: roomId=CS8H clientId=1831800c-1517-4f99-93b5-4fa74fbb1a07 role="player" event="set_role"
2026-09-21T00:31:46.845145Z  INFO multiplayer_server::room: roomId=CS8H clientId=8faf8121-bb54-44ae-9a1e-7f36bc719741 role="player" event="set_role"
2026-09-21T00:31:46.854747Z  INFO multiplayer_server::room: roomId=CS8H clientId=1831800c-1517-4f99-93b5-4fa74fbb1a07 event="settings_sync"
2026-09-21T00:31:46.912585Z  INFO multiplayer_server::room: roomId=CS8H clientId=1831800c-1517-4f99-93b5-4fa74fbb1a07 event="settings_sync"
2026-09-21T00:31:46.912843Z  INFO multiplayer_server::room: roomId=CS8H clientId=1831800c-1517-4f99-93b5-4fa74fbb1a07 event="settings_sync"
2026-09-21T00:31:46.912984Z  INFO multiplayer_server::room: roomId=CS8H clientId=1831800c-1517-4f99-93b5-4fa74fbb1a07 event="settings_sync"
2026-09-21T00:31:46.913119Z  INFO multiplayer_server::room: roomId=CS8H clientId=1831800c-1517-4f99-93b5-4fa74fbb1a07 event="settings_sync"
2026-09-21T00:31:47.680067Z  INFO multiplayer_server::room: roomId=CS8H minutes=30 event="set_duration"
2026-09-21T00:31:47.680608Z  INFO multiplayer_server::room: roomId=CS8H goal="score" event="set_race_goal"
2026-09-21T00:31:47.680956Z  INFO multiplayer_server::room: roomId=CS8H clientId=1831800c-1517-4f99-93b5-4fa74fbb1a07 event="settings_sync"
2026-09-21T00:31:47.681565Z  INFO multiplayer_server::room: roomId=CS8H mode="coop" event="session_start"
2026-09-21T00:32:08.503731Z  INFO multiplayer_server::room: roomId=CS8H clientId=1831800c-1517-4f99-93b5-4fa74fbb1a07 event="leave"
2026-09-21T00:32:08.503821Z  INFO multiplayer_server::room: roomId=CS8H clientId=8faf8121-bb54-44ae-9a1e-7f36bc719741 event="admin_succession"
2026-09-21T00:32:08.504085Z  INFO multiplayer_server: clientId=1831800c-1517-4f99-93b5-4fa74fbb1a07 roomId=CS8H event="orphan_reaped"
2026-09-21T00:32:08.504151Z  INFO multiplayer_server: clientId=1831800c-1517-4f99-93b5-4fa74fbb1a07 event="disconnect" code="ws_closed"
2026-09-21T00:32:08.508360Z  INFO multiplayer_server::room: roomId=CS8H event="coop_all_dead"
2026-09-21T00:32:08.508449Z  INFO multiplayer_server::room: roomId=CS8H reason=ALL_DEAD event="coop_session_end"
2026-09-21T00:32:08.508671Z  INFO multiplayer_server::room: roomId=CS8H clientId=8faf8121-bb54-44ae-9a1e-7f36bc719741 event="leave"
2026-09-21T00:32:08.508882Z  INFO multiplayer_server: clientId=8faf8121-bb54-44ae-9a1e-7f36bc719741 roomId=CS8H event="orphan_reaped"
2026-09-21T00:32:08.508954Z  INFO multiplayer_server: removed=1 event="room_gc"
2026-09-21T00:32:08.509011Z  INFO multiplayer_server: clientId=8faf8121-bb54-44ae-9a1e-7f36bc719741 event="disconnect" code="ws_closed"
